[1m[92m    Updating[0m crates.io index
[1m[92m Downloading[0m crates ...
[1m[92m  Downloaded[0m heck v0.5.0
[1m[92m  Downloaded[0m leb128fmt v0.1.0
[1m[92m  Downloaded[0m hex v0.4.3
[1m[92m  Downloaded[0m itoa v1.0.18
[1m[92m  Downloaded[0m unicode-xid v0.2.6
[1m[92m  Downloaded[0m equivalent v1.0.2
[1m[92m  Downloaded[0m id-arena v2.3.0
[1m[92m  Downloaded[0m quote v1.0.45
[1m[92m  Downloaded[0m semver v1.0.28
[1m[92m  Downloaded[0m anyhow v1.0.102
[1m[92m  Downloaded[0m bitflags v2.11.1
[1m[92m  Downloaded[0m foldhash v0.1.5
[1m[92m  Downloaded[0m serde_core v1.0.228
[1m[92m  Downloaded[0m wasm-metadata v0.243.0
[1m[92m  Downloaded[0m log v0.4.29
[1m[92m  Downloaded[0m proc-macro2 v1.0.106
[1m[92m  Downloaded[0m unicode-ident v1.0.24
[1m[92m  Downloaded[0m wit-bindgen-rust-macro v0.49.0
[1m[92m  Downloaded[0m serde_derive v1.0.228
[1m[92m  Downloaded[0m zmij v1.0.21
[1m[92m  Downloaded[0m prettyplease v0.2.37
[1m[92m  Downloaded[0m memchr v2.8.0
[1m[92m  Downloaded[0m serde v1.0.228
[1m[92m  Downloaded[0m wit-bindgen-core v0.49.0
[1m[92m  Downloaded[0m wit-bindgen-rust v0.49.0
[1m[92m  Downloaded[0m wit-bindgen v0.49.0
[1m[92m  Downloaded[0m wasm-encoder v0.243.0
[1m[92m  Downloaded[0m indexmap v2.14.0
[1m[92m  Downloaded[0m hashbrown v0.15.5
[1m[92m  Downloaded[0m hashbrown v0.17.1
[1m[92m  Downloaded[0m serde_json v1.0.149
[1m[92m  Downloaded[0m wit-parser v0.243.0
[1m[92m  Downloaded[0m syn v2.0.117
[1m[92m  Downloaded[0m wasmparser v0.243.0
[1m[92m  Downloaded[0m wit-component v0.243.0
[1m[92m   Compiling[0m serde_core v1.0.228
[1m[92m   Compiling[0m proc-macro2 v1.0.106
[1m[92m   Compiling[0m unicode-ident v1.0.24
[1m[92m   Compiling[0m zmij v1.0.21
[1m[92m   Compiling[0m quote v1.0.45
[1m[92m   Compiling[0m equivalent v1.0.2
[1m[92m   Compiling[0m foldhash v0.1.5
[1m[92m   Compiling[0m wasmparser v0.243.0
[1m[92m   Compiling[0m hashbrown v0.17.1
[1m[92m   Compiling[0m hashbrown v0.15.5
[1m[92m   Compiling[0m anyhow v1.0.102
[1m[92m   Compiling[0m bitflags v2.11.1
[1m[92m   Compiling[0m semver v1.0.28
[1m[92m   Compiling[0m serde_json v1.0.149
[1m[92m   Compiling[0m serde v1.0.228
[1m[92m   Compiling[0m prettyplease v0.2.37
[1m[92m   Compiling[0m wasm-encoder v0.243.0
[1m[92m   Compiling[0m syn v2.0.117
[1m[92m   Compiling[0m memchr v2.8.0
[1m[92m   Compiling[0m itoa v1.0.18
[1m[92m   Compiling[0m id-arena v2.3.0
[1m[92m   Compiling[0m unicode-xid v0.2.6
[1m[92m   Compiling[0m leb128fmt v0.1.0
[1m[92m   Compiling[0m log v0.4.29
[1m[92m   Compiling[0m wit-bindgen-rust v0.49.0
[1m[92m   Compiling[0m heck v0.5.0
[1m[92m   Compiling[0m wit-bindgen-rust-macro v0.49.0
[1m[92m   Compiling[0m wit-bindgen v0.49.0
[1m[92m   Compiling[0m hex v0.4.3
[1m[92m   Compiling[0m indexmap v2.14.0
[1m[92m   Compiling[0m serde_derive v1.0.228
[1m[92m   Compiling[0m wit-parser v0.243.0
[1m[92m   Compiling[0m wasm-metadata v0.243.0
[1m[92m   Compiling[0m wit-component v0.243.0
[1m[92m   Compiling[0m wit-bindgen-core v0.49.0
[1m[92m   Compiling[0m z-tenant-flight v0.4.1 (/home/ubuntu/terminal3-adk-bounty/contracts/z-tenant-flight)
[1m[92m    Finished[0m `release` profile [optimized] target(s) in 29.68s
